#-----------------------------------------------------------
# Vivado v2024.2 (64-bit)
# SW Build 5239630 on Fri Nov 08 22:35:27 MST 2024
# IP Build 5239520 on Sun Nov 10 16:12:51 MST 2024
# SharedData Build 5239561 on Fri Nov 08 14:39:27 MST 2024
# Start of session at: Fri Feb 14 11:33:52 2025
# Process ID         : 118352
# Current directory  : C:/Users/elied/vivado/zibo_tp1/zibo_tp1.runs/synth_1
# Command line       : vivado.exe -log fifo.vds -product Vivado -mode batch -messageDb vivado.pb -notrace -source fifo.tcl
# Log file           : C:/Users/elied/vivado/zibo_tp1/zibo_tp1.runs/synth_1/fifo.vds
# Journal file       : C:/Users/elied/vivado/zibo_tp1/zibo_tp1.runs/synth_1\vivado.jou
# Running On         : ELIE
# Platform           : Windows Server 2016 or Windows 10
# Operating System   : 22631
# Processor Detail   : AMD Ryzen 7 3700X 8-Core Processor             
# CPU Frequency      : 3593 MHz
# CPU Physical cores : 8
# CPU Logical cores  : 16
# Host memory        : 17128 MB
# Swap memory        : 1786 MB
# Total Virtual      : 18915 MB
# Available Virtual  : 3666 MB
#-----------------------------------------------------------
source fifo.tcl -notrace
